[14/7/2026 23:26:21] !spells
[14/7/2026 23:26:53] /level
[14/7/2026 23:27:4] /level ADM Peixola, 100
[14/7/2026 23:28:20] !spells
[14/7/2026 23:28:45] /level ADM Peixola, 100
[14/7/2026 23:28:48] /level ADM Peixola, 200
[14/7/2026 23:34:41] /save
[14/7/2026 23:36:2] /reload talk
[14/7/2026 23:36:7] /reload creaturescripts
[14/7/2026 23:37:14] /save
[14/7/2026 23:44:29] !spells
[17/7/2026 22:56:50] /save
[17/7/2026 22:57:1] /save
[17/7/2026 23:59:50] /i 49541
[18/7/2026 0:0:9] /i 49816
[18/7/2026 0:0:15] /i 49817
[18/7/2026 0:0:22] /i 49818
[18/7/2026 0:0:32] /i 49833
[18/7/2026 0:0:55] /i 57002
[18/7/2026 0:1:16] /i 55563
[18/7/2026 0:1:52] /i 55655
[18/7/2026 0:4:59] /reload globalevents
[18/7/2026 0:5:17] /reload creaturescripts
[29/7/2026 0:32:35] /ghost
[29/7/2026 0:32:37] /ghost
