[13/7/2026 18:5:17] /t
[13/7/2026 18:5:32] /a 350
[13/7/2026 18:7:2] /t
[28/7/2026 11:21:36] !spells
[28/7/2026 11:25:2] !spells
[28/7/2026 11:29:14] !spells
[28/7/2026 11:36:48] !spells
[28/7/2026 11:37:28] !spells
[28/7/2026 14:1:0] !spells
[28/7/2026 23:53:52] !spells
[29/7/2026 1:47:43] !spells
[29/7/2026 1:52:46] !spells
[29/7/2026 14:26:54] /outfit 1863
[29/7/2026 14:27:38] /i 2160
[29/7/2026 14:27:42] /i 2160
[29/7/2026 14:27:44] /i 2160
[29/7/2026 14:27:45] /i 2160
[29/7/2026 14:27:48] /i 2160
[29/7/2026 14:27:49] /i 2160
[29/7/2026 14:27:52] /i 2160
[29/7/2026 14:27:54] /i 2160
[29/7/2026 14:27:55] /i 2160
[29/7/2026 14:28:3] /monster mama bird
[29/7/2026 14:28:38] /summon mama bird
[29/7/2026 14:31:33] !spells
[29/7/2026 14:32:6] /remove
[29/7/2026 14:32:29] /t
[29/7/2026 14:39:10] /t
[29/7/2026 14:39:35] /i 56745
[29/7/2026 14:39:42] /i 56745, 1000
[29/7/2026 14:39:45] /i 56745, 1000
[29/7/2026 14:39:45] /i 56745, 1000
[29/7/2026 14:39:46] /i 56745, 1000
[29/7/2026 14:39:47] /i 56745, 1000
[29/7/2026 14:39:47] /i 56745, 1000
[29/7/2026 14:39:48] /i 56745, 1000
[29/7/2026 14:39:49] /i 56745, 1000
[29/7/2026 14:39:50] /i 56745, 1000
[29/7/2026 14:39:51] /i 56745, 1000
[29/7/2026 14:39:52] /i 56745, 1000
[29/7/2026 14:39:53] /i 56745, 1000
[29/7/2026 14:40:18] !spells
[29/7/2026 16:8:33] !spells
[29/7/2026 16:11:11] !spells
[29/7/2026 23:10:20] !spells
[29/7/2026 23:12:35] !spells
[29/7/2026 23:16:22] /monster aizen
[2/8/2026 16:14:21] !spells
[2/8/2026 16:21:33] /monster Gohan SSJ2
[2/8/2026 16:21:37] /monster Gohan SSJ2
[2/8/2026 16:22:11] /level ADMIN, 900
[2/8/2026 16:22:55] /addskill magicLevel, 250
[2/8/2026 16:23:3] /addskill magicLevel, ADMIN,250
[2/8/2026 16:23:13] /addskill ADMIN
[2/8/2026 16:23:21] /addskill ADMIN, ml, 250
[2/8/2026 16:23:48] /monster dino
[2/8/2026 23:6:59] /reload config
[2/8/2026 23:25:55] /i 56399
[2/8/2026 23:37:41] !spells
[2/8/2026 23:44:47] !spells
[3/8/2026 12:51:3] !spells
[3/8/2026 22:18:19] !spells
[3/8/2026 22:35:11] /i 56386
[3/8/2026 22:35:22] /i 56386
[3/8/2026 22:35:23] /i 56386
[3/8/2026 22:35:23] /i 56386
[3/8/2026 22:35:23] /i 56386
[3/8/2026 22:35:23] /i 56386
[3/8/2026 22:35:23] /i 56386
[3/8/2026 22:35:23] /i 56386
[3/8/2026 22:35:24] /i 56386
[3/8/2026 22:35:24] /i 56386
[3/8/2026 22:35:24] /i 56386
[3/8/2026 22:35:24] /i 56386
[3/8/2026 22:35:24] /i 56386
[3/8/2026 22:35:24] /i 56386
[3/8/2026 22:35:24] /i 56386
[3/8/2026 22:35:25] /i 56386
[3/8/2026 22:35:25] /i 56386
[3/8/2026 22:35:25] /i 56386
[3/8/2026 22:35:26] /i 56386
[3/8/2026 22:35:26] /i 56386
[3/8/2026 22:35:26] /i 56386
[3/8/2026 22:35:26] /i 56386
[3/8/2026 22:35:26] /i 56386
[3/8/2026 22:35:26] /i 56386
[3/8/2026 22:35:26] /i 56386
[3/8/2026 22:35:26] /i 56386
[3/8/2026 22:35:26] /i 56386
[3/8/2026 22:35:27] /i 56386
[3/8/2026 22:35:27] /i 56386
[3/8/2026 22:35:27] /i 56386
[3/8/2026 22:35:27] /i 56386
[3/8/2026 22:35:27] /i 56386
[3/8/2026 22:35:27] /i 56386
[3/8/2026 22:35:27] /i 56386
[3/8/2026 22:35:27] /i 56386
[3/8/2026 22:35:27] /i 56386
[3/8/2026 22:35:28] /i 56386
[3/8/2026 22:35:28] /i 56386
[3/8/2026 22:35:28] /i 56386
[3/8/2026 22:35:28] /i 56386
[3/8/2026 22:35:28] /i 56386
[3/8/2026 22:35:28] /i 56386
[3/8/2026 22:35:28] /i 56386
[3/8/2026 22:35:28] /i 56386
[3/8/2026 22:35:28] /i 56386
[3/8/2026 22:35:29] /i 56386
[3/8/2026 22:35:29] /i 56386
[3/8/2026 22:35:29] /i 56386
[3/8/2026 22:35:29] /i 56386
[3/8/2026 22:35:29] /i 56386
[3/8/2026 22:35:29] /i 56386
[3/8/2026 22:35:29] /i 56386
[3/8/2026 22:35:29] /i 56386
[3/8/2026 22:35:29] /i 56386
[3/8/2026 22:35:30] /i 56386
[3/8/2026 22:35:30] /i 56386
[3/8/2026 22:35:30] /i 56386
[3/8/2026 22:35:30] /i 56386
[3/8/2026 22:35:30] /i 56386
[3/8/2026 22:35:30] /i 56386
[3/8/2026 22:35:30] /i 56386
[3/8/2026 22:35:30] /i 56386
[3/8/2026 22:35:30] /i 56386
[3/8/2026 22:35:31] /i 56386
[3/8/2026 22:35:31] /i 56386
[3/8/2026 22:35:31] /i 56386
[3/8/2026 22:35:31] /i 56386
[3/8/2026 22:35:31] /i 56386
[3/8/2026 22:35:31] /i 56386
[3/8/2026 22:35:31] /i 56386
[3/8/2026 22:35:31] /i 56386
[3/8/2026 22:35:31] /i 56386
[3/8/2026 22:35:32] /i 56386
[3/8/2026 22:39:8] !spells
[3/8/2026 22:42:58] !spells
[4/8/2026 0:21:17] !spells
[4/8/2026 1:39:2] !spells
[4/8/2026 1:47:34] !spells
[4/8/2026 1:54:37] !spells
[4/8/2026 1:56:1] /i 56386
[4/8/2026 1:56:1] /i 56386
[4/8/2026 1:56:1] /i 56386
[4/8/2026 1:56:1] /i 56386
[4/8/2026 1:56:1] /i 56386
[4/8/2026 1:56:1] /i 56386
[4/8/2026 1:56:1] /i 56386
[4/8/2026 1:56:2] /i 56386
[4/8/2026 1:56:2] /i 56386
[4/8/2026 1:56:2] /i 56386
[4/8/2026 1:56:2] /i 56386
[4/8/2026 1:56:2] /i 56386
[4/8/2026 1:56:2] /i 56386
[4/8/2026 1:56:2] /i 56386
[4/8/2026 1:56:2] /i 56386
[4/8/2026 1:56:2] /i 56386
[4/8/2026 1:56:3] /i 56386
[4/8/2026 1:56:3] /i 56386
[4/8/2026 1:56:3] /i 56386
[4/8/2026 1:56:3] /i 56386
[4/8/2026 1:56:3] /i 56386
[4/8/2026 1:56:3] /i 56386
[4/8/2026 1:56:3] /i 56386
[4/8/2026 1:56:3] /i 56386
[4/8/2026 1:56:3] /i 56386
[4/8/2026 1:56:4] /i 56386
[4/8/2026 1:56:4] /i 56386
[4/8/2026 1:56:4] /i 56386
[4/8/2026 1:56:4] /i 56386
[4/8/2026 1:56:4] /i 56386
[4/8/2026 1:56:4] /i 56386
[4/8/2026 1:56:5] /i 56386
[4/8/2026 1:56:5] /i 56386
[4/8/2026 1:56:5] /i 56386
[4/8/2026 1:56:5] /i 56386
[4/8/2026 1:56:5] /i 56386
[4/8/2026 1:56:5] /i 56386
[4/8/2026 1:56:6] /i 56386
[4/8/2026 1:56:6] /i 56386
[4/8/2026 1:56:6] /i 56386
[4/8/2026 1:56:6] /i 56386
[4/8/2026 1:56:6] /i 56386
[4/8/2026 1:56:6] /i 56386
[4/8/2026 1:56:6] /i 56386
[4/8/2026 1:56:6] /i 56386
[4/8/2026 1:56:6] /i 56386
[4/8/2026 1:56:7] /i 56386
[4/8/2026 1:56:7] /i 56386
[4/8/2026 1:56:7] /i 56386
[4/8/2026 1:56:7] /i 56386
[4/8/2026 1:56:7] /i 56386
[4/8/2026 1:56:7] /i 56386
[4/8/2026 1:56:7] /i 56386
[4/8/2026 1:56:7] /i 56386
[4/8/2026 1:56:7] /i 56386
[4/8/2026 1:56:8] /i 56386
[4/8/2026 1:56:8] /i 56386
[4/8/2026 1:56:8] /i 56386
[4/8/2026 1:56:8] /i 56386
[4/8/2026 1:56:8] /i 56386
[4/8/2026 1:56:8] /i 56386
[4/8/2026 1:56:8] /i 56386
[4/8/2026 1:56:8] /i 56386
[4/8/2026 1:56:9] /i 56386
[4/8/2026 1:56:9] /i 56386
[4/8/2026 1:56:9] /i 56386
[4/8/2026 1:56:9] /i 56386
[4/8/2026 1:56:9] /i 56386
[4/8/2026 1:57:30] /save
[4/8/2026 8:56:44] !spells
[4/8/2026 8:56:46] !spells
[4/8/2026 8:56:52] !spells
[4/8/2026 9:18:48] /monster dino
[4/8/2026 9:26:46] /monster Wolf hollow
[4/8/2026 9:26:46] /monster Wolf hollow
[4/8/2026 9:26:46] /monster Wolf hollow
[4/8/2026 9:26:47] /monster Wolf hollow
[4/8/2026 9:26:48] /monster Wolf hollow
[4/8/2026 9:26:48] /monster Wolf hollow
[4/8/2026 9:26:48] /monster Wolf hollow
[4/8/2026 9:26:48] /monster Wolf hollow
[4/8/2026 9:26:48] /monster Wolf hollow
[4/8/2026 9:30:54] /save
[4/8/2026 12:48:15] !spells
[4/8/2026 12:50:13] /i 56386
[4/8/2026 12:50:21] /monster Wolf hollow
[4/8/2026 12:50:21] /monster Wolf hollow
[4/8/2026 12:50:21] /monster Wolf hollow
[4/8/2026 12:50:33] /monster Dino
[4/8/2026 12:50:33] /monster Dino
[4/8/2026 12:50:33] /monster Dino
[4/8/2026 12:50:33] /monster Dino
[4/8/2026 12:50:34] /monster Dino
[4/8/2026 12:50:34] /monster Dino
[4/8/2026 12:50:34] /monster Dino
[4/8/2026 12:50:43] /monster Dino
[4/8/2026 12:50:44] /monster Dino
[4/8/2026 12:50:44] /monster Dino
[4/8/2026 12:50:44] /monster Dino
[4/8/2026 12:50:44] /monster Dino
[4/8/2026 12:50:44] /monster Dino
[4/8/2026 14:50:19] /monster Dino
[4/8/2026 14:50:19] /monster Dino
[4/8/2026 14:50:19] /monster Dino
[4/8/2026 14:50:20] /monster Dino
[4/8/2026 14:50:20] /monster Dino
[4/8/2026 14:50:20] /monster Dino
[4/8/2026 14:50:21] /monster Dino
[4/8/2026 14:50:21] /monster Dino
[4/8/2026 14:50:21] /monster Dino
[4/8/2026 14:50:21] /monster Dino
[4/8/2026 14:50:21] /monster Dino
[4/8/2026 14:50:21] /monster Dino
[4/8/2026 14:50:22] /monster Dino
[4/8/2026 14:50:22] /monster Dino
[4/8/2026 14:50:22] /monster Dino
[4/8/2026 14:50:22] /monster Dino
[4/8/2026 14:50:22] /monster Dino
[4/8/2026 14:50:23] /monster Dino
[4/8/2026 14:50:23] /monster Dino
[4/8/2026 14:50:23] /monster Dino
[4/8/2026 14:50:23] /monster Dino
[4/8/2026 14:50:24] /monster Dino
[4/8/2026 14:50:57] /monster bardock
[4/8/2026 15:12:0] !spells
[4/8/2026 15:13:17] /save
[5/8/2026 21:52:9] !spells
[5/8/2026 21:55:27] /monster Dragon lord
[5/8/2026 21:55:28] /monster Dragon lord
[5/8/2026 21:55:28] /monster Dragon lord
[5/8/2026 21:55:28] /monster Dragon lord
[5/8/2026 21:55:28] /monster Dragon lord
[5/8/2026 21:55:29] /monster Dragon lord
[5/8/2026 21:55:29] /monster Dragon lord
[5/8/2026 21:55:29] /monster Dragon lord
[5/8/2026 21:55:29] /monster Dragon lord
[5/8/2026 21:55:29] /monster Dragon lord
[5/8/2026 21:55:30] /monster Dragon lord
[5/8/2026 21:55:30] /monster Dragon lord
[5/8/2026 21:55:30] /monster Dragon lord
[5/8/2026 21:55:30] /monster Dragon lord
[5/8/2026 21:55:30] /monster Dragon lord
[5/8/2026 21:55:30] /monster Dragon lord
[5/8/2026 21:55:31] /monster Dragon lord
[5/8/2026 21:55:31] /monster Dragon lord
[5/8/2026 21:55:31] /monster Dragon lord
[5/8/2026 21:55:31] /monster Dragon lord
[5/8/2026 21:55:31] /monster Dragon lord
[5/8/2026 21:55:31] /monster Dragon lord
[5/8/2026 21:55:32] /monster Dragon lord
[5/8/2026 21:55:32] /monster Dragon lord
[5/8/2026 21:55:32] /monster Dragon lord
[5/8/2026 21:55:32] /monster Dragon lord
[5/8/2026 21:55:32] /monster Dragon lord
[5/8/2026 21:55:33] /monster Dragon lord
[5/8/2026 21:55:33] /monster Dragon lord
[5/8/2026 21:55:33] /monster Dragon lord
[5/8/2026 21:55:33] /monster Dragon lord
[5/8/2026 21:55:33] /monster Dragon lord
[5/8/2026 21:55:33] /monster Dragon lord
[5/8/2026 21:55:33] /monster Dragon lord
[5/8/2026 21:55:34] /monster Dragon lord
[5/8/2026 21:55:34] /monster Dragon lord
[5/8/2026 21:55:34] /monster Dragon lord
[5/8/2026 21:55:34] /monster Dragon lord
[5/8/2026 21:55:35] /monster Dragon lord
[5/8/2026 21:55:35] /monster Dragon lord
[5/8/2026 21:55:35] /monster Dragon lord
[5/8/2026 21:55:35] /monster Dragon lord
[5/8/2026 21:55:35] /monster Dragon lord
[5/8/2026 21:55:35] /monster Dragon lord
[5/8/2026 21:55:35] /monster Dragon lord
[5/8/2026 21:55:36] /monster Dragon lord
[5/8/2026 21:55:36] /monster Dragon lord
[5/8/2026 21:55:36] /monster Dragon lord
[5/8/2026 21:55:36] /monster Dragon lord
[5/8/2026 21:55:36] /monster Dragon lord
[5/8/2026 21:55:37] /monster Dragon lord
[5/8/2026 21:55:37] /monster Dragon lord
[5/8/2026 21:55:37] /monster Dragon lord
[5/8/2026 21:55:37] /monster Dragon lord
[5/8/2026 21:55:37] /monster Dragon lord
[5/8/2026 21:55:37] /monster Dragon lord
[5/8/2026 21:55:38] /monster Dragon lord
[5/8/2026 21:55:38] /monster Dragon lord
[5/8/2026 21:55:38] /monster Dragon lord
[5/8/2026 21:55:38] /monster Dragon lord
[5/8/2026 21:55:39] /monster Dragon lord
[5/8/2026 21:55:39] /monster Dragon lord
[5/8/2026 21:55:39] /monster Dragon lord
[5/8/2026 21:55:39] /monster Dragon lord
[5/8/2026 21:55:39] /monster Dragon lord
[5/8/2026 21:55:39] /monster Dragon lord
[5/8/2026 22:35:56] /outfit 1777
[5/8/2026 22:38:7] /outfit 6934
[5/8/2026 22:38:27] /outfit 6933
[5/8/2026 22:38:39] /outfit 6932
[5/8/2026 22:38:45] /outfit 6931
[5/8/2026 22:38:51] /outfit 6930
[5/8/2026 22:38:57] /outfit 6929
[5/8/2026 22:39:3] /outfit 6928
[5/8/2026 22:39:13] /outfit 6922
[5/8/2026 22:39:25] /outfit 6913
[5/8/2026 22:39:31] /outfit 6913
[5/8/2026 22:39:33] /outfit 6914
[5/8/2026 22:39:37] /outfit 6915
[5/8/2026 22:39:47] /outfit 6902
[5/8/2026 22:39:54] /outfit 6903
[5/8/2026 22:40:8] /outfit 6883
[5/8/2026 22:40:20] /outfit 6896
[5/8/2026 22:40:40] /outfit 6893
[5/8/2026 22:40:44] /outfit 6894
[5/8/2026 22:41:13] /outfit 6884
[5/8/2026 22:41:29] /outfit 6843
[5/8/2026 22:41:38] /outfit 6844
[5/8/2026 22:41:43] /outfit 6845
[5/8/2026 22:41:47] /outfit 6846
[5/8/2026 22:41:50] /outfit 6845
[5/8/2026 22:41:53] /outfit 6847
[5/8/2026 22:42:10] /outfit 6812
[5/8/2026 22:42:21] /outfit 6813
[5/8/2026 22:42:23] /outfit 6814
[5/8/2026 22:42:29] /outfit 6815
[5/8/2026 22:42:34] /outfit 6816
[5/8/2026 22:42:37] /outfit 6817
[5/8/2026 22:42:40] /outfit 6818
[5/8/2026 22:42:44] /outfit 6819
[5/8/2026 22:42:48] /outfit 6820
[5/8/2026 22:42:51] /outfit 6821
[5/8/2026 22:43:11] /outfit 6824
[5/8/2026 22:43:20] /outfit 6831
[5/8/2026 22:43:34] /outfit 6809
[5/8/2026 22:47:49] /outfit 6804
[5/8/2026 22:48:34] /outfit 6781
[5/8/2026 22:48:44] /outfit 6789
[5/8/2026 22:48:50] /outfit 6790
[5/8/2026 22:49:0] /outfit 6791
[5/8/2026 22:49:6] /outfit 6792
[5/8/2026 22:49:11] /outfit 6793
[5/8/2026 22:49:13] /outfit 6794
[5/8/2026 22:49:15] /outfit 6795
[5/8/2026 22:49:19] /outfit 6796
[5/8/2026 22:49:21] /outfit 6797
[5/8/2026 22:49:28] /outfit 6798
[5/8/2026 22:49:31] /outfit 6799
[5/8/2026 22:49:40] /outfit 6800
[5/8/2026 22:49:52] /outfit 6780
[5/8/2026 22:49:59] /outfit 6779
[5/8/2026 22:50:3] /outfit 6778
[5/8/2026 22:50:7] /outfit 6777
[5/8/2026 22:50:12] /outfit 6776
[5/8/2026 22:50:18] /outfit 6775
[5/8/2026 22:50:22] /outfit 6774
[5/8/2026 22:50:31] /outfit 6773
[5/8/2026 22:50:41] /outfit 6772
[5/8/2026 22:50:51] /outfit 6771
[5/8/2026 22:50:55] /outfit 6770
[5/8/2026 22:51:3] /outfit 6769
[5/8/2026 22:51:8] /outfit 6768
[5/8/2026 22:51:13] /outfit 6767
[5/8/2026 22:51:21] /outfit 6766
[5/8/2026 22:51:25] /outfit 6765
[5/8/2026 22:51:30] /outfit 6764
[5/8/2026 22:51:38] /outfit 6763
[5/8/2026 22:51:42] /outfit 6762
[5/8/2026 22:51:44] /outfit 6761
[5/8/2026 22:51:51] /outfit 6760
[5/8/2026 22:53:2] /outfit 5001
[5/8/2026 22:53:16] /outfit 5000
[5/8/2026 22:53:22] /outfit 5002
[5/8/2026 22:53:26] /outfit 5003
[5/8/2026 22:53:32] /outfit 5004
[5/8/2026 22:53:37] /outfit 5005
[5/8/2026 22:53:40] /outfit 5006
[5/8/2026 22:53:43] /outfit 5007
[5/8/2026 22:53:47] /outfit 5008
[5/8/2026 22:53:49] /outfit 5009
[5/8/2026 22:53:52] /outfit 5010
[5/8/2026 22:53:56] /outfit 5011
[5/8/2026 22:53:58] /outfit 5012
[5/8/2026 22:54:3] /outfit 5013
[5/8/2026 22:54:8] /outfit 5014
[5/8/2026 22:57:36] /outfit 4745
[5/8/2026 23:7:15] /reload spells
[5/8/2026 23:57:9] /save
