[3/11/2025 23:14:11] tecnicas
[3/11/2025 23:20:29] tecnicas
[3/11/2025 23:21:20] !balance
[3/11/2025 23:21:24] !balance
[3/11/2025 23:25:29] !balance
[3/11/2025 23:25:31] !balance
[3/11/2025 23:25:33] !balance
[3/11/2025 23:25:40] !balance
[3/11/2025 23:26:32] !balance
[4/11/2025 9:20:27] tecnicas
[4/11/2025 9:20:37] tecnicas
[5/11/2025 0:6:16] tecnicas
[25/4/2026 20:27:6] tecnicas
[25/4/2026 20:27:8] tecnicas
[25/4/2026 20:27:11] tecnicas
[25/4/2026 20:27:14] tecnicas
[25/4/2026 20:27:17] tecnicas
[25/4/2026 20:29:33] tecnicas
[25/4/2026 20:33:31] tecnicas
[25/4/2026 20:43:1] !spells
[25/4/2026 20:43:2] tecnicas
[25/4/2026 20:43:17] tecnicas
[25/4/2026 20:45:2] tecnicas
[25/4/2026 20:50:50] tecnicas
[25/4/2026 20:52:41] tecnicas
[25/4/2026 20:53:53] tecnicas
[25/4/2026 20:53:59] !spells
[25/4/2026 20:54:7] !tecnicas
[25/4/2026 20:54:30] tecnicas
[25/4/2026 20:57:1] !balance
[25/4/2026 21:24:44] !spells
[25/4/2026 21:41:13] !spells
[25/4/2026 21:41:16] !spells
[25/4/2026 21:41:16] !spells
[25/4/2026 21:41:23] tecnicas
[25/4/2026 21:41:28] !spells
[25/4/2026 21:44:11] !spells
[25/4/2026 21:46:12] !spells
[25/4/2026 21:46:47] !spells
[25/4/2026 21:54:12] !spells
[26/4/2026 22:7:1] !balance
[4/5/2026 10:14:28] !spells
[4/5/2026 21:34:18] !spells
[4/5/2026 21:42:24] !balance
[4/5/2026 22:12:52] !balance
[4/5/2026 22:12:57] !withdrawall
[5/5/2026 14:47:18] !spells
[7/5/2026 1:26:55] !spells
[7/5/2026 2:4:23] !depositall
[7/5/2026 2:15:36] !balance
[7/5/2026 2:15:51] !balance
[7/5/2026 2:15:53] !balance
[7/5/2026 2:15:54] !balance
[7/5/2026 2:15:57] !balance
[7/5/2026 2:15:58] !balance
[7/5/2026 2:16:12] !balance
[7/5/2026 9:43:12] !withdrawall
[7/5/2026 9:46:48] !depositall
[7/5/2026 9:46:57] !withdraw 10000
[7/5/2026 9:47:3] !withdraw 990000
[10/5/2026 15:47:41] !spells
