[24/5/2025 22:25:34] /s dabura
[24/5/2025 22:29:54] /reload monsters
[24/5/2025 22:31:37] /reload spells
[24/5/2025 22:32:1] /reload spells
[24/5/2025 22:36:29] /reload spells
[24/5/2025 22:36:36] tecnicas
[24/5/2025 22:40:31] /reload spells
[24/5/2025 22:41:35] /reload spells
[24/5/2025 22:42:3] /reload spells
[24/5/2025 22:42:26] /clean
[24/5/2025 22:42:40] /t
[24/5/2025 22:42:46] /save
[25/5/2025 13:38:34] /m training monk
[25/5/2025 13:39:12] /clean
[25/5/2025 13:39:15] /i katana
[25/5/2025 13:39:54] /i 49690
[25/5/2025 13:40:1] /i 49689
[25/5/2025 13:40:13] /i 49691
[25/5/2025 13:40:19] /i 49692
[25/5/2025 13:40:23] /i 49693
[25/5/2025 13:40:28] /i 49694
[25/5/2025 13:40:31] /i 49695
[25/5/2025 13:40:34] /i 49696
[25/5/2025 13:41:53] !balance
[25/5/2025 13:42:0] !withdraw all
[25/5/2025 13:42:4] !withdraw 1
[25/5/2025 13:42:33] !deposit all
[25/5/2025 13:42:35] !deposit 1
[25/5/2025 13:42:38] !deposit 11
[25/5/2025 13:42:45] !deposit 100
[25/5/2025 13:46:23] /level god, 50
[25/5/2025 13:46:58] /m acid hollow
[25/5/2025 13:59:59] /reload talk
[25/5/2025 14:0:45] /level god, 999
[25/5/2025 14:5:58] /reload spells
[25/5/2025 14:5:59] /reload talk
[25/5/2025 14:19:53] /reload spells
[25/5/2025 14:19:54] /reload talk
[25/5/2025 14:21:15] /r
[25/5/2025 14:32:29] /reload spells
[25/5/2025 14:32:50] /reload spells
[25/5/2025 14:37:3] /reload spells
[25/5/2025 14:38:17] /reload spells
[25/5/2025 14:39:34] /level god, 500
[25/5/2025 14:57:33] /a 10
[25/5/2025 14:57:34] /a 10
[25/5/2025 14:57:36] /a 10
[25/5/2025 14:57:37] /a 10
[25/5/2025 14:58:11] /t
[25/5/2025 15:1:2] /m lobisomen
[25/5/2025 15:1:9] /s apocalypse
[25/5/2025 15:2:39] /m lobisomen
[25/5/2025 15:2:56] /m lobisomen
[25/5/2025 15:2:57] /m lobisomen
[25/5/2025 15:2:58] /m lobisomen
[25/5/2025 15:2:59] /m lobisomen
[25/5/2025 15:5:10] /clean
[25/5/2025 17:7:43] /t
[26/5/2025 20:34:47] /t
[26/5/2025 20:35:23] /s demon
[26/5/2025 20:36:17] /t
[26/5/2025 20:36:41] tecnicas
[26/5/2025 20:36:57] /m training monk
[26/5/2025 20:37:13] tecnicas
[26/5/2025 20:47:8] /reload talk
[26/5/2025 20:58:35] /reload spells
[26/5/2025 21:4:22] /reload spells
[26/5/2025 21:5:9] /reload spells
[26/5/2025 21:5:27] /level god, 100
[26/5/2025 21:6:2] /level god, 130
[26/5/2025 21:7:5] /reload spells
[26/5/2025 21:7:20] /level god, 200
[26/5/2025 21:9:35] /reload spells
[26/5/2025 21:9:55] /reload spells
[26/5/2025 21:11:48] /reload spells
[26/5/2025 21:13:40] /reload spells
[26/5/2025 22:49:53] /s hollow
[26/5/2025 22:51:45] /s samael
[26/5/2025 22:51:51] /s acid hollow
[26/5/2025 22:52:27] /t
[26/5/2025 22:52:39] /m vegeta
[26/5/2025 22:52:42] /m vgoku
[26/5/2025 22:52:45] /m goku
[26/5/2025 22:52:49] /m bardock
[1/9/2025 15:25:11] /reload npc
[1/9/2025 15:25:31] /reload npc
[1/9/2025 15:26:44] /reload npc
[1/9/2025 15:27:2] /reload npc
[1/9/2025 15:27:28] /reload npc
[1/9/2025 15:29:2] /s demon
[1/9/2025 15:29:55] /t
[1/9/2025 15:38:33] /t
[1/9/2025 15:46:24] /reload lib
[1/9/2025 15:46:30] /reload all
[1/9/2025 15:47:31] /t
[1/9/2025 15:47:33] /t
[1/9/2025 15:51:46] /reload npc
[1/9/2025 17:6:51] /reload creaturescripts
[1/9/2025 17:54:20] /bc asdasd
[1/9/2025 17:54:26] /bc green | asdasd
[1/9/2025 17:55:2] /b adsasdas
[1/9/2025 18:1:35] !balance
[1/9/2025 18:19:26] /reload talk
[1/9/2025 18:19:28] /reload creature
[1/9/2025 18:19:35] /reload creaturescripts
[1/9/2025 18:28:42] /reload talk
[1/9/2025 18:28:45] !balance
[1/9/2025 18:30:28] /reload talk
[1/9/2025 18:30:34] !balance
[1/9/2025 18:31:22] !balance
[1/9/2025 20:34:46] !balance
[1/9/2025 20:37:34] /reload talk
[1/9/2025 20:37:36] !balance
[1/9/2025 20:42:47] /reload talk
[1/9/2025 20:43:53] /reload talk
[1/9/2025 20:46:34] /reload talk
[1/9/2025 20:46:57] /reload talk
[1/9/2025 20:47:46] /reload talk
[1/9/2025 20:48:28] /newtype 2766
[1/9/2025 20:49:43] /newtype 1662
[1/9/2025 20:56:1] /save
[2/9/2025 10:50:25] /clean
[2/9/2025 10:50:28] /t
[2/9/2025 10:52:35] /reload mods
[2/9/2025 10:54:51] /clean
[3/9/2025 0:23:7] /newtype 2784
[3/9/2025 0:23:11] /newtype 2785
[3/9/2025 0:23:22] /newtype 2783
[3/9/2025 0:23:24] /newtype 2784
[3/9/2025 0:26:9] /r
[3/9/2025 0:26:11] /r
[3/9/2025 0:27:44] /i 36748
[3/9/2025 0:27:57] /t
[3/9/2025 0:28:56] /t
[3/9/2025 0:32:13] /i rope
[3/9/2025 0:33:34] /save
[3/9/2025 1:7:43] /down
[3/9/2025 1:7:56] /down
[3/9/2025 1:15:52] /down
[5/9/2025 11:46:15] /r
[5/9/2025 16:54:7] /t
[5/9/2025 16:58:50] /reload npc
[5/9/2025 16:59:28] /t
[5/9/2025 17:1:44] /t
[5/9/2025 17:3:42] /s demon
[5/9/2025 17:5:47] /clean
[5/9/2025 17:5:49] /t
[5/9/2025 17:11:25] /t
[5/9/2025 20:26:11] /reload creaturescripts
[5/9/2025 21:25:12] !deposit all
[5/9/2025 21:25:47] !deposit 100000
[5/9/2025 21:25:49] !deposit 1000000
[5/9/2025 21:25:57] !deposit 9000000
[5/9/2025 21:25:59] !deposit 900000
[5/9/2025 21:26:6] !balance
[5/9/2025 21:31:16] /t
[5/9/2025 21:34:14] !withdraw
[5/9/2025 21:34:17] !withdraw all
[5/9/2025 21:34:20] !withdraw 
[5/9/2025 21:34:21] !balance
[5/9/2025 21:34:30] !balance
[5/9/2025 21:34:42] !withdraw 1000112
[5/9/2025 21:34:54] /i backpack
[5/9/2025 21:35:30] /r
[5/9/2025 21:35:33] /r 100
[5/9/2025 21:38:45] /reload talk
[5/9/2025 21:40:22] !balance
[5/9/2025 21:40:27] !depositall
[5/9/2025 21:44:45] !balance
[5/9/2025 22:12:18] /reload creaturescripts
[5/9/2025 22:19:12] /reload lib
[5/9/2025 22:39:12] /m rabbit
[5/9/2025 22:42:0] /m mama bird
[5/9/2025 22:42:6] /s mama bird
[5/9/2025 22:43:51] /reload monsters
[5/9/2025 22:45:9] /reload monsters
[5/9/2025 22:45:58] /reload monsters
[5/9/2025 22:46:8] /reload monsters
[5/9/2025 22:46:40] /reload monsters
[5/9/2025 22:46:59] /reload monsters
[5/9/2025 22:47:13] /reload monsters
[5/9/2025 22:50:14] /reload monsters
[5/9/2025 22:50:21] /s Fire Elemental Supremo
[5/9/2025 22:51:21] /reload monsters
[5/9/2025 22:51:55] /reload monsters
[5/9/2025 22:52:12] /reload monsters
[5/9/2025 22:52:16] /s Fire Elemental Supremo
[5/9/2025 22:52:18] /s Fire Elemental Supremo
[5/9/2025 22:52:20] /s Fire Elemental Supremo
[5/9/2025 22:52:24] /s Fire Elemental Supremo
[5/9/2025 22:52:28] /m demon
[5/9/2025 22:53:46] /reload monsters
[5/9/2025 22:53:56] /r
[5/9/2025 22:54:11] /m mama bird
[5/9/2025 22:54:17] /s Fire Elemental Supremo
[5/9/2025 22:54:20] /s Fire Elemental Supremo
[5/9/2025 22:54:34] /reload monsters
[5/9/2025 22:54:36] /s Fire Elemental Supremo
[5/9/2025 22:54:38] /s Fire Elemental Supremo
[5/9/2025 22:54:44] /reload monsters
[5/9/2025 22:54:45] /s Fire Elemental Supremo
[5/9/2025 22:54:49] /s Fire Elemental Supremo
[5/9/2025 22:55:18] /t
[5/9/2025 22:55:34] /r
[5/9/2025 22:55:39] /r
[5/9/2025 22:56:3] /reload monsters
[5/9/2025 22:56:33] tecnicas
[5/9/2025 22:57:21] /clean
[5/9/2025 22:57:38] /s Fire Elemental Supremo
[5/9/2025 22:57:49] /r
[5/9/2025 22:57:51] /r
[5/9/2025 22:58:16] /reload monsters
[5/9/2025 22:58:20] /s Fire Elemental Supremo
[5/9/2025 23:2:10] /reload monsters
[5/9/2025 23:2:11] /s Fire Elemental Supremo
[5/9/2025 23:2:17] /reload monsters
[5/9/2025 23:2:18] /s Fire Elemental Supremo
[5/9/2025 23:3:49] /reload monsters
[5/9/2025 23:4:3] /s Fire Elemental Supremo
[5/9/2025 23:4:7] /m mama bird
[5/9/2025 23:4:42] /reload monsters
[5/9/2025 23:5:11] /reload monsters
[5/9/2025 23:5:16] /s Fire Elemental Supremo
[5/9/2025 23:5:17] /s Fire Elemental Supremo
[5/9/2025 23:5:20] /r
[5/9/2025 23:5:22] /r
[5/9/2025 23:5:24] /r
[5/9/2025 23:5:30] /r
[5/9/2025 23:5:34] /r
[5/9/2025 23:5:39] /r
[5/9/2025 23:5:41] /r
[5/9/2025 23:5:43] /r
[5/9/2025 23:5:45] /s Fire Elemental Supremo
[5/9/2025 23:8:0] /reload spells
[5/9/2025 23:8:8] /reload spells
[5/9/2025 23:8:25] /r
[5/9/2025 23:8:27] /r
[5/9/2025 23:8:29] /r
[5/9/2025 23:8:30] /r
[5/9/2025 23:8:33] /r
[5/9/2025 23:8:37] /r
[5/9/2025 23:8:40] /s Fire Elemental Supremo
[5/9/2025 23:9:6] /m demon
[5/9/2025 23:9:44] /m training monk
[5/9/2025 23:10:39] /m mama bird
[5/9/2025 23:11:1] /bc asdasd
[5/9/2025 23:12:24] /s Fire Elemental Supremo
[5/9/2025 23:12:28] /r
[5/9/2025 23:12:30] /r
[5/9/2025 23:12:36] /r
[5/9/2025 23:12:38] /r
[5/9/2025 23:12:43] /r
[5/9/2025 23:12:45] /r
[5/9/2025 23:12:47] /r
[5/9/2025 23:12:49] /r
[5/9/2025 23:12:52] /r
[5/9/2025 23:12:53] /r
[5/9/2025 23:12:55] /r
[5/9/2025 23:12:56] /s Fire Elemental Supremo
[5/9/2025 23:13:43] /reload monsters
[5/9/2025 23:13:49] /m demon
[5/9/2025 23:14:44] /reload monsters
[5/9/2025 23:15:6] /reload monsters
[5/9/2025 23:15:12] /clean
[6/9/2025 0:7:51] /i gold coin
[6/9/2025 0:8:49] /s demon
[6/9/2025 0:14:4] /m mama brind
[6/9/2025 0:14:11] /m mama bird
[6/9/2025 0:29:35] /t
[6/9/2025 0:33:7] /newtype 2783
[6/9/2025 0:33:9] /newtype 2784
[6/9/2025 0:33:15] /save
[6/9/2025 1:30:11] /reload creaturescripts
[6/9/2025 1:52:49] /level
[6/9/2025 1:52:54] /level god, 1
[6/9/2025 1:52:57] /level god, 10
[6/9/2025 1:53:3] /level god, 10
[6/9/2025 1:53:8] /level god, 10000000
[6/9/2025 1:53:12] /level god, 10000
[6/9/2025 1:54:40] /t
[6/9/2025 15:27:24] /level god, 8
[6/9/2025 15:30:30] /up
[6/9/2025 15:30:55] /up
[6/9/2025 15:30:59] /t
[9/9/2025 21:18:27] /level god, 999
[9/9/2025 21:19:20] tecnicas
[9/9/2025 21:24:42] /i war backpack
[9/9/2025 21:24:53] /i 23816
[9/9/2025 21:25:4] /r
[9/9/2025 21:25:37] /r
[9/9/2025 21:25:39] /i 49472
[9/9/2025 21:28:53] /i war backpack
[9/9/2025 21:28:59] /r
[9/9/2025 21:29:8] /i 23816
[9/9/2025 21:29:59] /r
[9/9/2025 21:30:0] /i 49477
[9/9/2025 21:30:9] /i 2173
[9/9/2025 21:30:37] /i 2160
[9/9/2025 21:30:43] /i 2160
[9/9/2025 21:45:33] /reload outfits
[9/9/2025 22:58:2] /t
[9/9/2025 23:27:59] /reload mods
[9/9/2025 23:35:50] /i 3577
[9/9/2025 23:35:58] /i meat
[9/9/2025 23:48:19] /r
[9/9/2025 23:48:21] /r
[10/9/2025 0:26:43] /t
[10/9/2025 8:51:42] /i 26465
[10/9/2025 8:51:48] /r
[30/9/2025 8:52:55] /t
[30/9/2025 8:53:52] /level god 200
[30/9/2025 8:53:56] /level god, 200
[1/10/2025 22:19:17] /level god, 100
[1/10/2025 22:21:41] /m training monk
[1/10/2025 22:24:9] /i 3074
[1/10/2025 22:24:15] /r
[1/10/2025 22:24:21] /i 2190
[1/10/2025 22:27:50] /i 33055
[1/10/2025 22:28:56] /i 2185
[1/10/2025 22:29:24] /i 2376
[1/10/2025 22:29:51] /i 2444
[1/10/2025 22:30:57] /i 2173
[5/10/2025 8:54:34] /level god, 200
[5/10/2025 8:55:8] /m training monk
[5/10/2025 13:29:21] /m training monk
[5/10/2025 13:30:20] /reload item
[5/10/2025 13:30:38] /reload items
[5/10/2025 13:31:21] /m training monk
[5/10/2025 14:15:11] /reload items
[5/10/2025 14:16:4] /m training monk
[5/10/2025 14:17:51] /reload weapons
[5/10/2025 14:17:58] /reload weapons
[5/10/2025 21:49:30] /r
[5/10/2025 21:51:19] /i war backpack
[5/10/2025 21:51:42] /i 49841
[5/10/2025 21:52:0] /i 49838
[5/10/2025 21:52:20] /i 49839
[5/10/2025 21:52:31] /i 49840
[5/10/2025 21:52:45] /save
[5/10/2025 21:53:37] /i 24774
[5/10/2025 21:53:52] /i 40469
[5/10/2025 21:54:7] /i 49834
[5/10/2025 21:54:13] /i 49835
[5/10/2025 21:54:17] /i 49836
[5/10/2025 21:54:20] /i 49837
[5/10/2025 23:40:11] /reload movements
[5/10/2025 23:40:19] /t
[5/10/2025 23:42:10] /i 1423
[5/10/2025 23:47:5] /up
[5/10/2025 23:52:49] /a
[5/10/2025 23:52:49] /a
[5/10/2025 23:52:49] /a
[5/10/2025 23:52:50] /a
[5/10/2025 23:52:50] /a
[5/10/2025 23:52:50] /a
[5/10/2025 23:52:50] /a
[5/10/2025 23:52:50] /a
[5/10/2025 23:52:50] /a
[5/10/2025 23:52:50] /a
[5/10/2025 23:52:50] /a
[5/10/2025 23:52:50] /a
[5/10/2025 23:52:50] /a
[5/10/2025 23:52:51] /a
[5/10/2025 23:52:51] /a
[5/10/2025 23:52:51] /a
[5/10/2025 23:52:51] /a
[5/10/2025 23:52:51] /a
[5/10/2025 23:52:51] /a
[5/10/2025 23:52:59] /a 2
[5/10/2025 23:53:0] /a 2
[5/10/2025 23:53:0] /a 2
[5/10/2025 23:53:0] /a 2
[5/10/2025 23:53:0] /a 2
[5/10/2025 23:53:1] /a 2
[5/10/2025 23:53:1] /a 2
[5/10/2025 23:53:2] /a 2
[5/10/2025 23:53:3] /a 2
[5/10/2025 23:53:3] /a 2
[5/10/2025 23:53:3] /a 2
[5/10/2025 23:53:4] /a 2
[5/10/2025 23:53:4] /a 2
[5/10/2025 23:53:4] /a 2
[5/10/2025 23:53:4] /a 2
[5/10/2025 23:53:4] /a 2
[5/10/2025 23:53:4] /a 2
[5/10/2025 23:53:4] /a 2
[5/10/2025 23:53:4] /a 2
[5/10/2025 23:53:5] /a 2
[5/10/2025 23:53:5] /a 2
[5/10/2025 23:53:5] /a 2
[5/10/2025 23:53:5] /a 2
[5/10/2025 23:53:5] /a 2
[5/10/2025 23:53:5] /a 2
[5/10/2025 23:53:5] /a 2
[5/10/2025 23:53:5] /a 2
[5/10/2025 23:53:6] /a 2
[5/10/2025 23:53:6] /a 2
[5/10/2025 23:53:6] /a 2
[5/10/2025 23:53:6] /a 2
[5/10/2025 23:53:6] /a 2
[5/10/2025 23:53:6] /a 2
[5/10/2025 23:53:6] /a 2
[5/10/2025 23:53:6] /a 2
[5/10/2025 23:53:6] /a 2
[5/10/2025 23:53:7] /a 2
[5/10/2025 23:53:7] /a 2
[5/10/2025 23:53:7] /a 2
[5/10/2025 23:53:7] /a 2
[5/10/2025 23:53:7] /a 2
[5/10/2025 23:53:7] /a 2
[5/10/2025 23:53:7] /a 2
[5/10/2025 23:53:7] /a 2
[5/10/2025 23:53:7] /a 2
[5/10/2025 23:53:8] /a 2
[5/10/2025 23:53:8] /a 2
[5/10/2025 23:53:8] /a 2
[5/10/2025 23:53:12] /a 2
[5/10/2025 23:53:12] /a 2
[5/10/2025 23:53:12] /a 2
[5/10/2025 23:53:12] /a 2
[5/10/2025 23:53:12] /a 2
[5/10/2025 23:53:12] /a 2
[5/10/2025 23:53:13] /a 2
[5/10/2025 23:53:13] /a 2
[5/10/2025 23:53:13] /a 2
[5/10/2025 23:53:13] /a 2
[5/10/2025 23:53:13] /a 2
[5/10/2025 23:53:13] /a 2
[5/10/2025 23:53:14] /a 2
[5/10/2025 23:53:14] /a 2
[5/10/2025 23:53:14] /a 2
[5/10/2025 23:54:1] /save
[5/10/2025 23:59:12] /i 1988
[6/10/2025 0:13:57] !balance
[6/10/2025 0:22:47] /i 26465
[6/10/2025 0:23:5] /r
[7/10/2025 16:3:47] /a 2
[7/10/2025 16:3:47] /a 2
[7/10/2025 16:3:47] /a 2
[7/10/2025 16:3:48] /a 2
[7/10/2025 16:3:48] /a 2
[7/10/2025 16:3:48] /a 2
[7/10/2025 16:3:48] /a 2
[7/10/2025 16:3:48] /a 2
[7/10/2025 16:3:48] /a 2
[7/10/2025 16:3:48] /a 2
[7/10/2025 16:3:48] /a 2
[7/10/2025 16:3:48] /a 2
[7/10/2025 16:3:49] /a 2
[7/10/2025 16:3:49] /a 2
[7/10/2025 16:3:49] /a 2
[7/10/2025 16:3:49] /a 2
[7/10/2025 16:3:49] /a 2
[7/10/2025 16:3:49] /a 2
[7/10/2025 16:3:49] /a 2
[7/10/2025 16:3:50] /a 2
[7/10/2025 16:3:50] /a 2
[7/10/2025 16:3:50] /a 2
[7/10/2025 16:3:50] /a 2
[7/10/2025 16:3:50] /a 2
[7/10/2025 16:3:51] /a 2
[7/10/2025 16:3:52] /a 2
[7/10/2025 16:3:52] /a 2
[7/10/2025 16:3:52] /a 2
[7/10/2025 16:3:52] /a 2
[7/10/2025 16:3:52] /a 2
[7/10/2025 16:3:52] /a 2
[7/10/2025 16:3:52] /a 2
[7/10/2025 16:3:53] /a 2
[7/10/2025 16:3:53] /a 2
[7/10/2025 16:3:53] /a 2
[7/10/2025 16:3:53] /a 2
[7/10/2025 16:3:53] /a 2
[7/10/2025 16:3:53] /a 2
[7/10/2025 16:3:53] /a 2
[7/10/2025 16:3:53] /a 2
[7/10/2025 16:3:54] /a 2
[7/10/2025 16:3:54] /a 2
[7/10/2025 16:3:54] /a 2
[7/10/2025 16:3:55] /a 2
[7/10/2025 16:3:55] /a 2
[7/10/2025 16:3:55] /a 2
[7/10/2025 16:3:55] /a 2
[7/10/2025 16:3:55] /a 2
[7/10/2025 16:3:56] /a 2
[7/10/2025 16:3:56] /a 2
[7/10/2025 16:3:56] /a 2
[7/10/2025 16:3:56] /a 2
[7/10/2025 16:3:56] /a 2
[7/10/2025 16:3:56] /a 2
[7/10/2025 16:3:57] /a 2
[7/10/2025 16:8:55] /t
[7/10/2025 16:9:39] /a 2
[7/10/2025 16:9:39] /a 2
[7/10/2025 16:9:40] /a 2
[7/10/2025 16:9:40] /a 2
[7/10/2025 16:9:40] /a 2
[7/10/2025 16:9:40] /a 2
[7/10/2025 16:9:40] /a 2
[7/10/2025 16:9:41] /a 2
[7/10/2025 16:9:41] /a 2
[7/10/2025 16:9:41] /a 2
[7/10/2025 16:9:41] /a 2
[7/10/2025 16:9:41] /a 2
[7/10/2025 16:9:41] /a 2
[7/10/2025 16:9:41] /a 2
[7/10/2025 16:9:42] /a 2
[7/10/2025 16:9:42] /a 2
[7/10/2025 16:9:42] /a 2
[7/10/2025 16:9:42] /a 2
[7/10/2025 16:16:50] /reload globalevents
[7/10/2025 16:17:37] /reload globalevents
[7/10/2025 16:17:51] /reload globalevents
[7/10/2025 16:18:38] /reload globalevents
[7/10/2025 16:19:57] /i 18390
[7/10/2025 22:26:59] /t
[7/10/2025 22:29:18] /reload npc
[7/10/2025 22:30:7] /i 2173
[7/10/2025 22:30:10] /i 2160
[7/10/2025 22:31:44] /reload npc
[7/10/2025 22:35:4] /i 23816
[7/10/2025 22:35:24] /i 21475
[7/10/2025 22:35:39] /i 23663
[7/10/2025 22:35:49] /i 23666
[7/10/2025 22:37:46] /up
[7/10/2025 22:39:35] /reload global
[7/10/2025 22:39:39] /reload globalevents
[7/10/2025 22:39:52] /reload globalevents
[7/10/2025 22:40:11] /up
[7/10/2025 22:46:0] /m wolf
[7/10/2025 22:46:33] /reload mods
[7/10/2025 22:48:6] /m wolf
[7/10/2025 22:48:8] /m wolf
[7/10/2025 22:48:9] /m wolf
[7/10/2025 22:48:16] /m wolf
[7/10/2025 22:48:16] /m wolf
[7/10/2025 22:48:16] /m wolf
[7/10/2025 22:48:16] /m wolf
[7/10/2025 22:48:17] /m wolf
[7/10/2025 22:48:17] /m wolf
[7/10/2025 22:48:17] /m wolf
[7/10/2025 22:48:17] /m wolf
[7/10/2025 22:48:17] /m wolf
[7/10/2025 22:48:17] /m wolf
[7/10/2025 22:48:18] /m wolf
[7/10/2025 22:48:18] /m wolf
[7/10/2025 22:48:18] /m wolf
[7/10/2025 22:48:18] /m wolf
[7/10/2025 22:48:18] /m wolf
[7/10/2025 22:48:18] /m wolf
[7/10/2025 22:48:19] /m wolf
[7/10/2025 22:48:19] /m wolf
[7/10/2025 22:48:19] /m wolf
[7/10/2025 22:48:19] /m wolf
[7/10/2025 22:48:19] /m wolf
[7/10/2025 22:48:19] /m wolf
[7/10/2025 22:49:55] /m wolf
[7/10/2025 22:49:55] /m wolf
[7/10/2025 22:49:56] /m wolf
[7/10/2025 22:49:56] /m wolf
[7/10/2025 22:49:56] /m wolf
[7/10/2025 22:49:57] /m wolf
[7/10/2025 22:49:57] /m wolf
[7/10/2025 22:49:57] /m wolf
[7/10/2025 22:49:57] /m wolf
[7/10/2025 22:49:57] /m wolf
[7/10/2025 22:49:58] /m wolf
[7/10/2025 22:49:58] /m wolf
[7/10/2025 22:49:58] /m wolf
[7/10/2025 22:49:58] /m wolf
[7/10/2025 22:49:58] /m wolf
[7/10/2025 22:49:59] /m wolf
[7/10/2025 22:49:59] /m wolf
[7/10/2025 22:49:59] /m wolf
[7/10/2025 22:49:59] /m wolf
[7/10/2025 22:50:0] /m wolf
[7/10/2025 22:50:0] /m wolf
[7/10/2025 22:50:0] /m wolf
[7/10/2025 22:50:59] /i meat
[7/10/2025 22:51:3] /i meat
[7/10/2025 22:51:4] /i meat
[7/10/2025 22:51:6] /i meat
[7/10/2025 22:51:10] /i meat
[7/10/2025 22:51:14] /i meat
[7/10/2025 22:51:21] /i worm, 500
[7/10/2025 22:51:23] /i worm, 500
[7/10/2025 22:51:24] /i worm, 500
[7/10/2025 22:51:25] /i worm, 500
[7/10/2025 22:51:26] /i worm, 500
[7/10/2025 22:51:35] /i wolf paw
[7/10/2025 22:51:36] /i wolf paw
[7/10/2025 22:51:37] /i wolf paw
[7/10/2025 22:51:38] /i wolf paw
[7/10/2025 22:51:42] /i wolf paw
[7/10/2025 23:7:58] /i 1981
[7/10/2025 23:9:20] /reload actions
[7/10/2025 23:9:41] /i 2160
[7/10/2025 23:10:36] /reload actions
[7/10/2025 23:43:18] /i 49452
